filtered_df.csv
ProductName,RetailSPrice,TotalQtySold,UniqueDates,DaysUsed
DALDA GHEE 1KG SWASTIK,150.0,140.0,"[Timestamp('2020-08-12 00:00:00'), Timestamp('2020-08-13 00:00:00'), Timestamp('2020-08-14 00:00:00'), Timestamp('2020-08-17 00:00:00'), Timestamp('2020-08-27 00:00:00'), Timestamp('2020-08-28 00:00:00'), Timestamp('2020-08-29 00:00:00'), Timestamp('2020-09-01 00:00:00'), Timestamp('2020-09-02 00:00:00'), Timestamp('2020-09-07 00:00:00'), Timestamp('2020-09-09 00:00:00'), Timestamp('2020-09-11 00:00:00'), Timestamp('2020-09-12 00:00:00'), Timestamp('2020-09-19 00:00:00'), Timestamp('2020-09-27 00:00:00'), Timestamp('2020-09-29 00:00:00'), Timestamp('2020-10-01 00:00:00'), Timestamp('2020-10-02 00:00:00'), Timestamp('2020-10-03 00:00:00'), Timestamp('2020-10-05 00:00:00'), Timestamp('2020-10-11 00:00:00'), Timestamp('2020-10-12 00:00:00'), Timestamp('2020-10-19 00:00:00'), Timestamp('2020-10-21 00:00:00'), Timestamp('2020-10-23 00:00:00'), Timestamp('2020-10-27 00:00:00'), Timestamp('2020-11-02 00:00:00'), Timestamp('2020-11-03 00:00:00'), Timestamp('2020-11-08 00:00:00'), Timestamp('2020-12-03 00:00:00')]",114
DALDA GHEE 1KG SWASTIK,155.0,42.0,"[Timestamp('2020-07-19 00:00:00'), Timestamp('2020-07-21 00:00:00'), Timestamp('2020-07-23 00:00:00'), Timestamp('2020-07-26 00:00:00'), Timestamp('2020-07-28 00:00:00'), Timestamp('2020-07-30 00:00:00'), Timestamp('2020-07-31 00:00:00'), Timestamp('2020-08-01 00:00:00'), Timestamp('2020-08-02 00:00:00'), Timestamp('2020-08-05 00:00:00'), Timestamp('2020-08-11 00:00:00')]",24
DALDA GHEE 1KG SWASTIK,160.0,94.0,"[Timestamp('2020-12-04 00:00:00'), Timestamp('2020-12-05 00:00:00'), Timestamp('2020-12-10 00:00:00'), Timestamp('2020-12-13 00:00:00'), Timestamp('2020-12-17 00:00:00'), Timestamp('2020-12-20 00:00:00'), Timestamp('2020-12-22 00:00:00'), Timestamp('2020-12-23 00:00:00'), Timestamp('2020-12-24 00:00:00'), Timestamp('2020-12-25 00:00:00'), Timestamp('2020-12-28 00:00:00'), Timestamp('2020-12-29 00:00:00'), Timestamp('2020-12-31 00:00:00'), Timestamp('2021-01-01 00:00:00'), Timestamp('2021-01-02 00:00:00'), Timestamp('2021-01-05 00:00:00'), Timestamp('2021-01-06 00:00:00'), Timestamp('2021-01-07 00:00:00'), Timestamp('2021-01-08 00:00:00')]",36
DALDA GHEE 1KG SWASTIK,185.0,3.0,"[Timestamp('2021-01-20 00:00:00'), Timestamp('2021-02-07 00:00:00')]",19
DALDA GHEE 1KG SWASTIK,195.0,102.0,"[Timestamp('2021-02-23 00:00:00'), Timestamp('2021-02-25 00:00:00'), Timestamp('2021-02-28 00:00:00'), Timestamp('2021-03-02 00:00:00'), Timestamp('2021-03-03 00:00:00'), Timestamp('2021-03-05 00:00:00'), Timestamp('2021-03-07 00:00:00'), Timestamp('2021-03-13 00:00:00'), Timestamp('2021-03-15 00:00:00'), Timestamp('2021-03-17 00:00:00'), Timestamp('2021-03-21 00:00:00'), Timestamp('2021-03-22 00:00:00'), Timestamp('2021-03-23 00:00:00'), Timestamp('2021-03-25 00:00:00'), Timestamp('2021-03-26 00:00:00'), Timestamp('2021-03-28 00:00:00'), Timestamp('2021-04-02 00:00:00'), Timestamp('2021-04-03 00:00:00'), Timestamp('2021-04-04 00:00:00'), Timestamp('2021-04-07 00:00:00'), Timestamp('2021-04-15 00:00:00'), Timestamp('2021-04-17 00:00:00'), Timestamp('2021-04-18 00:00:00'), Timestamp('2021-04-19 00:00:00'), Timestamp('2021-04-20 00:00:00'), Timestamp('2021-04-21 00:00:00'), Timestamp('2021-04-22 00:00:00'), Timestamp('2021-04-23 00:00:00'), Timestamp('2021-04-25 00:00:00'), Timestamp('2021-05-05 00:00:00')]",72
DALDA GHEE 1KG SWASTIK,200.0,6.0,"[Timestamp('2021-05-13 00:00:00'), Timestamp('2021-05-14 00:00:00'), Timestamp('2021-05-15 00:00:00'), Timestamp('2021-05-19 00:00:00')]",7
DALDA GHEE 1KG SWASTIK,210.0,67.0,"[Timestamp('2021-03-26 00:00:00'), Timestamp('2021-05-15 00:00:00'), Timestamp('2021-07-14 00:00:00'), Timestamp('2021-07-17 00:00:00'), Timestamp('2021-07-19 00:00:00'), Timestamp('2021-07-22 00:00:00'), Timestamp('2021-07-23 00:00:00'), Timestamp('2021-07-25 00:00:00'), Timestamp('2021-07-26 00:00:00'), Timestamp('2021-07-28 00:00:00'), Timestamp('2021-07-31 00:00:00'), Timestamp('2021-08-01 00:00:00'), Timestamp('2021-08-02 00:00:00'), Timestamp('2021-08-05 00:00:00'), Timestamp('2021-08-10 00:00:00'), Timestamp('2021-08-13 00:00:00'), Timestamp('2021-08-17 00:00:00'), Timestamp('2021-08-20 00:00:00'), Timestamp('2021-08-21 00:00:00'), Timestamp('2021-08-24 00:00:00'), Timestamp('2021-08-25 00:00:00'), Timestamp('2021-08-26 00:00:00')]",46
DALDA GHEE 1KG SWASTIK,215.0,8.0,"[Timestamp('2021-08-29 00:00:00'), Timestamp('2021-08-30 00:00:00'), Timestamp('2021-09-01 00:00:00'), Timestamp('2021-09-04 00:00:00'), Timestamp('2021-09-07 00:00:00')]",10
DALDA GHEE 1KG SWASTIK,225.0,51.0,"[Timestamp('2021-09-15 00:00:00'), Timestamp('2021-09-17 00:00:00'), Timestamp('2021-09-19 00:00:00'), Timestamp('2021-09-22 00:00:00'), Timestamp('2021-09-26 00:00:00'), Timestamp('2021-09-28 00:00:00'), Timestamp('2021-09-29 00:00:00'), Timestamp('2021-09-30 00:00:00'), Timestamp('2021-10-05 00:00:00'), Timestamp('2021-10-06 00:00:00'), Timestamp('2021-10-07 00:00:00'), Timestamp('2021-10-09 00:00:00'), Timestamp('2021-10-11 00:00:00'), Timestamp('2021-10-12 00:00:00'), Timestamp('2021-10-13 00:00:00'), Timestamp('2021-10-16 00:00:00')]",32
DALDA GHEE 1KG SWASTIK,230.0,10.0,[Timestamp('2022-01-17 00:00:00')],1
DALDA GHEE 1KG SWASTIK,235.0,16.0,"[Timestamp('2022-02-23 00:00:00'), Timestamp('2022-02-25 00:00:00')]",3
DALDA GHEE 1KG SWASTIK,240.0,198.0,"[Timestamp('2021-11-18 00:00:00'), Timestamp('2021-11-22 00:00:00'), Timestamp('2021-11-23 00:00:00'), Timestamp('2021-11-24 00:00:00'), Timestamp('2021-11-25 00:00:00'), Timestamp('2021-11-30 00:00:00'), Timestamp('2021-12-07 00:00:00'), Timestamp('2021-12-11 00:00:00'), Timestamp('2021-12-12 00:00:00'), Timestamp('2021-12-14 00:00:00'), Timestamp('2021-12-15 00:00:00'), Timestamp('2021-12-20 00:00:00'), Timestamp('2021-12-21 00:00:00'), Timestamp('2021-12-22 00:00:00'), Timestamp('2021-12-23 00:00:00'), Timestamp('2021-12-28 00:00:00'), Timestamp('2021-12-30 00:00:00'), Timestamp('2022-01-01 00:00:00'), Timestamp('2022-01-03 00:00:00'), Timestamp('2022-01-05 00:00:00'), Timestamp('2022-01-08 00:00:00'), Timestamp('2022-01-11 00:00:00'), Timestamp('2022-01-16 00:00:00'), Timestamp('2022-01-25 00:00:00'), Timestamp('2022-01-26 00:00:00'), Timestamp('2022-01-29 00:00:00'), Timestamp('2022-01-31 00:00:00'), Timestamp('2022-02-01 00:00:00'), Timestamp('2022-02-03 00:00:00'), Timestamp('2022-02-04 00:00:00'), Timestamp('2022-02-11 00:00:00'), Timestamp('2022-02-14 00:00:00'), Timestamp('2022-02-16 00:00:00'), Timestamp('2022-02-18 00:00:00'), Timestamp('2022-02-19 00:00:00'), Timestamp('2022-02-24 00:00:00'), Timestamp('2022-02-25 00:00:00'), Timestamp('2022-02-26 00:00:00'), Timestamp('2022-02-27 00:00:00'), Timestamp('2022-02-28 00:00:00'), Timestamp('2022-03-01 00:00:00'), Timestamp('2022-03-02 00:00:00'), Timestamp('2022-03-03 00:00:00'), Timestamp('2022-03-06 00:00:00'), Timestamp('2022-03-08 00:00:00')]",111
DALDA GHEE 1KG SWASTIK,292.04,8.0,[Timestamp('2022-07-09 00:00:00')],1
DALDA GHEE 1KG SWASTIK,330.0,31.0,"[Timestamp('2022-06-13 00:00:00'), Timestamp('2022-06-23 00:00:00'), Timestamp('2022-06-24 00:00:00'), Timestamp('2022-06-26 00:00:00'), Timestamp('2022-06-28 00:00:00'), Timestamp('2022-06-29 00:00:00'), Timestamp('2022-06-30 00:00:00'), Timestamp('2022-07-01 00:00:00'), Timestamp('2022-07-03 00:00:00'), Timestamp('2022-07-05 00:00:00'), Timestamp('2022-07-06 00:00:00')]",24
DHARA HEALTH 1 LTR SUN FLOWER OIL PKT,200.0,59.0,"[Timestamp('2020-08-12 00:00:00'), Timestamp('2020-08-14 00:00:00'), Timestamp('2020-08-16 00:00:00'), Timestamp('2020-08-17 00:00:00'), Timestamp('2020-08-19 00:00:00'), Timestamp('2020-08-23 00:00:00'), Timestamp('2020-08-27 00:00:00'), Timestamp('2020-08-28 00:00:00'), Timestamp('2020-09-27 00:00:00'), Timestamp('2020-09-29 00:00:00'), Timestamp('2020-10-01 00:00:00'), Timestamp('2020-10-02 00:00:00'), Timestamp('2020-10-04 00:00:00'), Timestamp('2020-10-10 00:00:00'), Timestamp('2020-10-16 00:00:00'), Timestamp('2020-10-18 00:00:00'), Timestamp('2020-10-22 00:00:00'), Timestamp('2020-10-25 00:00:00'), Timestamp('2020-10-28 00:00:00'), Timestamp('2020-11-06 00:00:00'), Timestamp('2020-11-13 00:00:00')]",65
DHARA HEALTH 1 LTR SUN FLOWER OIL PKT,210.0,10.0,"[Timestamp('2020-11-23 00:00:00'), Timestamp('2020-11-25 00:00:00'), Timestamp('2020-11-26 00:00:00'), Timestamp('2020-11-27 00:00:00'), Timestamp('2020-11-29 00:00:00')]",7
DHARA HEALTH 1 LTR SUN FLOWER OIL PKT,220.0,27.0,"[Timestamp('2020-12-15 00:00:00'), Timestamp('2020-12-17 00:00:00'), Timestamp('2020-12-22 00:00:00'), Timestamp('2020-12-23 00:00:00'), Timestamp('2020-12-24 00:00:00'), Timestamp('2020-12-25 00:00:00'), Timestamp('2020-12-27 00:00:00'), Timestamp('2020-12-29 00:00:00'), Timestamp('2021-01-18 00:00:00')]",35
DHARA HEALTH 1 LTR SUN FLOWER OIL PKT,245.0,3.0,[Timestamp('2021-03-21 00:00:00')],1
DHARA HEALTH 1 LTR SUN FLOWER OIL PKT,250.0,46.0,"[Timestamp('2021-03-28 00:00:00'), Timestamp('2021-04-07 00:00:00'), Timestamp('2021-04-13 00:00:00'), Timestamp('2021-04-18 00:00:00'), Timestamp('2021-04-20 00:00:00'), Timestamp('2021-04-22 00:00:00'), Timestamp('2021-04-23 00:00:00'), Timestamp('2021-04-25 00:00:00'), Timestamp('2021-04-27 00:00:00'), Timestamp('2021-04-28 00:00:00'), Timestamp('2021-05-05 00:00:00'), Timestamp('2021-05-06 00:00:00'), Timestamp('2021-05-08 00:00:00'), Timestamp('2021-05-09 00:00:00'), Timestamp('2021-05-10 00:00:00'), Timestamp('2021-05-12 00:00:00')]",46
DHARA HEALTH 1 LTR SUN FLOWER OIL PKT,285.0,13.0,"[Timestamp('2021-07-17 00:00:00'), Timestamp('2021-07-18 00:00:00'), Timestamp('2021-07-22 00:00:00'), Timestamp('2021-07-29 00:00:00'), Timestamp('2021-08-05 00:00:00'), Timestamp('2021-08-08 00:00:00'), Timestamp('2021-08-09 00:00:00'), Timestamp('2021-08-12 00:00:00'), Timestamp('2021-08-14 00:00:00')]",29
DHARA HEALTH 1 LTR SUN FLOWER OIL PKT,300.0,82.0,"[Timestamp('2021-08-21 00:00:00'), Timestamp('2021-08-24 00:00:00'), Timestamp('2021-08-26 00:00:00'), Timestamp('2021-08-27 00:00:00'), Timestamp('2021-09-04 00:00:00'), Timestamp('2021-09-06 00:00:00'), Timestamp('2021-09-20 00:00:00'), Timestamp('2021-09-22 00:00:00'), Timestamp('2021-09-25 00:00:00'), Timestamp('2021-09-26 00:00:00'), Timestamp('2021-10-01 00:00:00'), Timestamp('2021-10-02 00:00:00'), Timestamp('2021-10-03 00:00:00'), Timestamp('2021-10-05 00:00:00'), Timestamp('2021-10-07 00:00:00'), Timestamp('2021-10-08 00:00:00'), Timestamp('2021-10-12 00:00:00'), Timestamp('2021-10-17 00:00:00'), Timestamp('2021-10-22 00:00:00'), Timestamp('2021-10-25 00:00:00'), Timestamp('2021-10-26 00:00:00'), Timestamp('2021-10-28 00:00:00'), Timestamp('2021-11-07 00:00:00'), Timestamp('2021-11-08 00:00:00'), Timestamp('2021-11-09 00:00:00'), Timestamp('2021-11-10 00:00:00'), Timestamp('2021-11-11 00:00:00'), Timestamp('2021-11-12 00:00:00'), Timestamp('2021-11-29 00:00:00'), Timestamp('2021-12-11 00:00:00'), Timestamp('2021-12-19 00:00:00'), Timestamp('2022-01-13 00:00:00'), Timestamp('2022-01-25 00:00:00'), Timestamp('2022-01-28 00:00:00'), Timestamp('2022-01-31 00:00:00'), Timestamp('2022-02-02 00:00:00'), Timestamp('2022-02-04 00:00:00'), Timestamp('2022-02-05 00:00:00'), Timestamp('2022-02-06 00:00:00'), Timestamp('2022-02-11 00:00:00'), Timestamp('2022-02-12 00:00:00'), Timestamp('2022-02-17 00:00:00'), Timestamp('2022-02-21 00:00:00'), Timestamp('2022-02-24 00:00:00'), Timestamp('2022-03-01 00:00:00'), Timestamp('2022-03-02 00:00:00'), Timestamp('2022-03-12 00:00:00')]",204
DHARA HEALTH 1 LTR SUN FLOWER OIL PKT,370.0,10.0,"[Timestamp('2022-06-17 00:00:00'), Timestamp('2022-06-18 00:00:00'), Timestamp('2022-06-23 00:00:00'), Timestamp('2022-06-25 00:00:00')]",9
DHARA MUSTARD OIL 500ML,130.0,46.0,"[Timestamp('2020-08-08 00:00:00'), Timestamp('2020-08-19 00:00:00'), Timestamp('2020-08-27 00:00:00'), Timestamp('2020-09-25 00:00:00'), Timestamp('2020-10-05 00:00:00'), Timestamp('2020-10-09 00:00:00'), Timestamp('2020-10-10 00:00:00'), Timestamp('2020-10-17 00:00:00'), Timestamp('2020-10-18 00:00:00'), Timestamp('2020-11-11 00:00:00'), Timestamp('2020-11-14 00:00:00'), Timestamp('2020-11-21 00:00:00'), Timestamp('2020-11-25 00:00:00'), Timestamp('2020-11-26 00:00:00'), Timestamp('2020-11-27 00:00:00'), Timestamp('2020-12-02 00:00:00'), Timestamp('2020-12-06 00:00:00'), Timestamp('2020-12-07 00:00:00'), Timestamp('2020-12-11 00:00:00'), Timestamp('2020-12-17 00:00:00'), Timestamp('2021-01-04 00:00:00'), Timestamp('2021-01-17 00:00:00'), Timestamp('2021-02-07 00:00:00'), Timestamp('2021-02-16 00:00:00'), Timestamp('2021-02-17 00:00:00'), Timestamp('2021-02-18 00:00:00'), Timestamp('2021-02-20 00:00:00')]",197
DHARA MUSTARD OIL 500ML,135.0,2.0,"[Timestamp('2021-01-11 00:00:00'), Timestamp('2021-01-26 00:00:00')]",16
DHARA MUSTARD OIL 500ML,140.0,11.0,"[Timestamp('2021-03-02 00:00:00'), Timestamp('2021-03-04 00:00:00'), Timestamp('2021-03-09 00:00:00'), Timestamp('2021-03-19 00:00:00'), Timestamp('2021-04-13 00:00:00'), Timestamp('2021-04-18 00:00:00'), Timestamp('2021-05-16 00:00:00'), Timestamp('2021-05-27 00:00:00')]",87
DHARA MUSTARD OIL 500ML,150.0,1.0,[Timestamp('2021-03-20 00:00:00')],1
DHARA MUSTARD OIL 500ML,165.0,12.0,"[Timestamp('2021-07-23 00:00:00'), Timestamp('2021-08-01 00:00:00'), Timestamp('2021-08-24 00:00:00'), Timestamp('2021-09-08 00:00:00'), Timestamp('2021-10-04 00:00:00'), Timestamp('2021-10-08 00:00:00'), Timestamp('2021-10-12 00:00:00'), Timestamp('2021-11-01 00:00:00')]",102
DHARA MUSTARD OIL 500ML,178.0,18.0,"[Timestamp('2021-10-22 00:00:00'), Timestamp('2021-11-23 00:00:00'), Timestamp('2021-11-25 00:00:00'), Timestamp('2021-12-12 00:00:00'), Timestamp('2021-12-17 00:00:00'), Timestamp('2022-01-03 00:00:00'), Timestamp('2022-01-13 00:00:00'), Timestamp('2022-01-23 00:00:00'), Timestamp('2022-01-26 00:00:00'), Timestamp('2022-02-09 00:00:00'), Timestamp('2022-03-04 00:00:00'), Timestamp('2022-03-23 00:00:00'), Timestamp('2022-03-27 00:00:00'), Timestamp('2022-03-28 00:00:00'), Timestamp('2022-03-29 00:00:00')]",128
DHARA MUSTARD OIL 500ML,185.0,2.0,"[Timestamp('2021-11-04 00:00:00'), Timestamp('2022-03-20 00:00:00')]",2
DHARA MUSTARD OIL 500ML,188.0,18.0,"[Timestamp('2022-04-06 00:00:00'), Timestamp('2022-04-12 00:00:00'), Timestamp('2022-04-15 00:00:00'), Timestamp('2022-04-16 00:00:00'), Timestamp('2022-04-17 00:00:00'), Timestamp('2022-04-21 00:00:00'), Timestamp('2022-04-27 00:00:00'), Timestamp('2022-04-28 00:00:00'), Timestamp('2022-04-29 00:00:00'), Timestamp('2022-05-06 00:00:00')]",31
