filtered_df.csv
ProductName,RetailSPrice,TotalQtySold,UniqueDates,DaysUsed
MAC TEA MONGLIAN SALT TEA 3IN1 240GM 20SACHETS PKT,287.610619469027,1.0,[Timestamp('2022-01-12 00:00:00')],1
MAC TEA MONGLIAN SALT TEA 3IN1 240GM 20SACHETS PKT,290.0,306.0,"[Timestamp('2020-07-17 00:00:00'), Timestamp('2020-07-19 00:00:00'), Timestamp('2020-07-21 00:00:00'), Timestamp('2020-07-22 00:00:00'), Timestamp('2020-07-23 00:00:00'), Timestamp('2020-07-25 00:00:00'), Timestamp('2020-07-28 00:00:00'), Timestamp('2020-07-29 00:00:00'), Timestamp('2020-07-31 00:00:00'), Timestamp('2020-08-06 00:00:00'), Timestamp('2020-08-08 00:00:00'), Timestamp('2020-08-11 00:00:00'), Timestamp('2020-08-13 00:00:00'), Timestamp('2020-08-16 00:00:00'), Timestamp('2020-08-17 00:00:00'), Timestamp('2020-08-18 00:00:00'), Timestamp('2020-08-19 00:00:00'), Timestamp('2020-08-24 00:00:00'), Timestamp('2020-08-25 00:00:00'), Timestamp('2020-08-27 00:00:00'), Timestamp('2020-08-28 00:00:00'), Timestamp('2020-08-31 00:00:00'), Timestamp('2020-09-03 00:00:00'), Timestamp('2020-09-04 00:00:00'), Timestamp('2020-09-06 00:00:00'), Timestamp('2020-09-09 00:00:00'), Timestamp('2020-09-10 00:00:00'), Timestamp('2020-09-15 00:00:00'), Timestamp('2020-09-19 00:00:00'), Timestamp('2020-09-20 00:00:00'), Timestamp('2020-09-24 00:00:00'), Timestamp('2020-09-25 00:00:00'), Timestamp('2020-09-26 00:00:00'), Timestamp('2020-09-27 00:00:00'), Timestamp('2020-10-01 00:00:00'), Timestamp('2020-10-02 00:00:00'), Timestamp('2020-10-04 00:00:00'), Timestamp('2020-10-07 00:00:00'), Timestamp('2020-10-08 00:00:00'), Timestamp('2020-10-10 00:00:00'), Timestamp('2020-10-13 00:00:00'), Timestamp('2020-10-14 00:00:00'), Timestamp('2020-10-16 00:00:00'), Timestamp('2020-10-17 00:00:00'), Timestamp('2020-10-18 00:00:00'), Timestamp('2020-10-19 00:00:00'), Timestamp('2020-10-20 00:00:00'), Timestamp('2020-10-21 00:00:00'), Timestamp('2020-10-22 00:00:00'), Timestamp('2020-10-23 00:00:00'), Timestamp('2020-10-24 00:00:00'), Timestamp('2020-10-26 00:00:00'), Timestamp('2020-10-29 00:00:00'), Timestamp('2020-10-30 00:00:00'), Timestamp('2020-11-02 00:00:00'), Timestamp('2020-11-03 00:00:00'), Timestamp('2020-11-04 00:00:00'), Timestamp('2020-11-05 00:00:00'), Timestamp('2020-11-06 00:00:00'), Timestamp('2020-11-07 00:00:00'), Timestamp('2020-11-08 00:00:00'), Timestamp('2020-11-09 00:00:00'), Timestamp('2020-11-10 00:00:00'), Timestamp('2020-11-11 00:00:00'), Timestamp('2020-11-12 00:00:00'), Timestamp('2020-11-14 00:00:00'), Timestamp('2020-11-15 00:00:00'), Timestamp('2020-11-16 00:00:00'), Timestamp('2020-11-18 00:00:00'), Timestamp('2020-11-19 00:00:00'), Timestamp('2020-11-20 00:00:00'), Timestamp('2020-11-21 00:00:00'), Timestamp('2020-11-22 00:00:00'), Timestamp('2020-11-23 00:00:00'), Timestamp('2020-11-26 00:00:00'), Timestamp('2020-11-27 00:00:00'), Timestamp('2020-11-28 00:00:00'), Timestamp('2020-11-29 00:00:00'), Timestamp('2020-11-30 00:00:00'), Timestamp('2020-12-05 00:00:00'), Timestamp('2020-12-06 00:00:00'), Timestamp('2020-12-09 00:00:00'), Timestamp('2020-12-10 00:00:00'), Timestamp('2020-12-11 00:00:00'), Timestamp('2020-12-12 00:00:00'), Timestamp('2020-12-13 00:00:00'), Timestamp('2020-12-14 00:00:00'), Timestamp('2020-12-15 00:00:00'), Timestamp('2020-12-16 00:00:00'), Timestamp('2020-12-18 00:00:00'), Timestamp('2020-12-20 00:00:00'), Timestamp('2020-12-22 00:00:00'), Timestamp('2020-12-24 00:00:00'), Timestamp('2020-12-27 00:00:00'), Timestamp('2020-12-29 00:00:00'), Timestamp('2020-12-30 00:00:00'), Timestamp('2020-12-31 00:00:00'), Timestamp('2021-01-04 00:00:00'), Timestamp('2021-01-05 00:00:00'), Timestamp('2021-01-06 00:00:00'), Timestamp('2021-01-07 00:00:00'), Timestamp('2021-01-08 00:00:00'), Timestamp('2021-01-09 00:00:00'), Timestamp('2021-01-10 00:00:00'), Timestamp('2021-01-12 00:00:00'), Timestamp('2021-01-14 00:00:00'), Timestamp('2021-01-15 00:00:00'), Timestamp('2021-01-16 00:00:00'), Timestamp('2021-01-17 00:00:00'), Timestamp('2021-01-19 00:00:00'), Timestamp('2021-01-20 00:00:00'), Timestamp('2021-01-21 00:00:00'), Timestamp('2021-01-23 00:00:00'), Timestamp('2021-01-24 00:00:00'), Timestamp('2021-01-25 00:00:00'), Timestamp('2021-01-26 00:00:00'), Timestamp('2021-01-28 00:00:00'), Timestamp('2021-01-30 00:00:00'), Timestamp('2021-01-31 00:00:00'), Timestamp('2021-02-02 00:00:00'), Timestamp('2021-02-04 00:00:00'), Timestamp('2021-02-05 00:00:00'), Timestamp('2021-02-06 00:00:00')]",205
MAC TEA MONGLIAN SALT TEA 3IN1 240GM 20SACHETS PKT,292.035398230089,56.0,"[Timestamp('2022-05-07 00:00:00'), Timestamp('2022-06-04 00:00:00')]",29
MAC TEA MONGLIAN SALT TEA 3IN1 240GM 20SACHETS PKT,305.0,68.0,"[Timestamp('2021-02-08 00:00:00'), Timestamp('2021-02-10 00:00:00'), Timestamp('2021-02-11 00:00:00'), Timestamp('2021-02-12 00:00:00'), Timestamp('2021-02-14 00:00:00'), Timestamp('2021-02-16 00:00:00'), Timestamp('2021-02-17 00:00:00'), Timestamp('2021-02-18 00:00:00'), Timestamp('2021-02-20 00:00:00'), Timestamp('2021-02-21 00:00:00'), Timestamp('2021-02-22 00:00:00'), Timestamp('2021-02-23 00:00:00'), Timestamp('2021-02-24 00:00:00'), Timestamp('2021-02-25 00:00:00'), Timestamp('2021-02-26 00:00:00'), Timestamp('2021-02-27 00:00:00'), Timestamp('2021-02-28 00:00:00'), Timestamp('2021-03-03 00:00:00'), Timestamp('2021-03-04 00:00:00'), Timestamp('2021-03-05 00:00:00'), Timestamp('2021-03-08 00:00:00'), Timestamp('2021-03-09 00:00:00'), Timestamp('2021-03-10 00:00:00'), Timestamp('2021-03-11 00:00:00'), Timestamp('2021-03-12 00:00:00'), Timestamp('2021-03-14 00:00:00'), Timestamp('2021-03-15 00:00:00')]",36
MAC TEA MONGLIAN SALT TEA 3IN1 240GM 20SACHETS PKT,325.0,212.0,"[Timestamp('2021-10-08 00:00:00'), Timestamp('2021-10-09 00:00:00'), Timestamp('2021-10-11 00:00:00'), Timestamp('2021-10-12 00:00:00'), Timestamp('2021-10-15 00:00:00'), Timestamp('2021-10-21 00:00:00'), Timestamp('2021-10-30 00:00:00'), Timestamp('2021-10-31 00:00:00'), Timestamp('2021-11-02 00:00:00'), Timestamp('2021-11-03 00:00:00'), Timestamp('2021-11-04 00:00:00'), Timestamp('2021-11-06 00:00:00'), Timestamp('2021-11-07 00:00:00'), Timestamp('2021-11-08 00:00:00'), Timestamp('2021-11-09 00:00:00'), Timestamp('2021-11-10 00:00:00'), Timestamp('2021-11-11 00:00:00'), Timestamp('2021-11-12 00:00:00'), Timestamp('2021-11-17 00:00:00'), Timestamp('2021-11-19 00:00:00'), Timestamp('2021-11-21 00:00:00'), Timestamp('2021-11-22 00:00:00'), Timestamp('2021-11-24 00:00:00'), Timestamp('2021-11-25 00:00:00'), Timestamp('2021-11-26 00:00:00'), Timestamp('2021-11-27 00:00:00'), Timestamp('2021-11-29 00:00:00'), Timestamp('2021-11-30 00:00:00'), Timestamp('2021-12-01 00:00:00'), Timestamp('2021-12-03 00:00:00'), Timestamp('2021-12-04 00:00:00'), Timestamp('2021-12-05 00:00:00'), Timestamp('2021-12-06 00:00:00'), Timestamp('2021-12-07 00:00:00'), Timestamp('2021-12-09 00:00:00'), Timestamp('2021-12-10 00:00:00'), Timestamp('2021-12-15 00:00:00'), Timestamp('2021-12-16 00:00:00'), Timestamp('2021-12-17 00:00:00'), Timestamp('2021-12-19 00:00:00'), Timestamp('2021-12-20 00:00:00'), Timestamp('2021-12-22 00:00:00'), Timestamp('2021-12-23 00:00:00'), Timestamp('2021-12-25 00:00:00'), Timestamp('2021-12-26 00:00:00'), Timestamp('2021-12-28 00:00:00'), Timestamp('2021-12-29 00:00:00'), Timestamp('2021-12-31 00:00:00'), Timestamp('2022-01-01 00:00:00'), Timestamp('2022-01-03 00:00:00'), Timestamp('2022-01-06 00:00:00'), Timestamp('2022-01-09 00:00:00'), Timestamp('2022-01-10 00:00:00'), Timestamp('2022-01-14 00:00:00'), Timestamp('2022-01-17 00:00:00'), Timestamp('2022-01-18 00:00:00'), Timestamp('2022-01-20 00:00:00'), Timestamp('2022-01-22 00:00:00'), Timestamp('2022-01-24 00:00:00'), Timestamp('2022-01-25 00:00:00'), Timestamp('2022-01-26 00:00:00'), Timestamp('2022-01-28 00:00:00'), Timestamp('2022-01-30 00:00:00'), Timestamp('2022-02-01 00:00:00'), Timestamp('2022-02-03 00:00:00'), Timestamp('2022-02-05 00:00:00'), Timestamp('2022-02-06 00:00:00'), Timestamp('2022-02-07 00:00:00'), Timestamp('2022-02-10 00:00:00'), Timestamp('2022-02-13 00:00:00'), Timestamp('2022-02-14 00:00:00'), Timestamp('2022-02-15 00:00:00'), Timestamp('2022-02-16 00:00:00'), Timestamp('2022-02-17 00:00:00'), Timestamp('2022-02-18 00:00:00')]",134
MAC TEA MONGLIAN SALT TEA 3IN1 240GM 20SACHETS PKT,330.0,160.0,"[Timestamp('2022-02-18 00:00:00'), Timestamp('2022-02-19 00:00:00'), Timestamp('2022-02-20 00:00:00'), Timestamp('2022-02-21 00:00:00'), Timestamp('2022-02-22 00:00:00'), Timestamp('2022-02-23 00:00:00'), Timestamp('2022-02-24 00:00:00'), Timestamp('2022-02-25 00:00:00'), Timestamp('2022-02-26 00:00:00'), Timestamp('2022-02-28 00:00:00'), Timestamp('2022-03-01 00:00:00'), Timestamp('2022-03-02 00:00:00'), Timestamp('2022-03-05 00:00:00'), Timestamp('2022-03-06 00:00:00'), Timestamp('2022-03-09 00:00:00'), Timestamp('2022-03-10 00:00:00'), Timestamp('2022-03-11 00:00:00'), Timestamp('2022-03-12 00:00:00'), Timestamp('2022-03-13 00:00:00'), Timestamp('2022-03-16 00:00:00'), Timestamp('2022-03-17 00:00:00'), Timestamp('2022-03-18 00:00:00'), Timestamp('2022-03-19 00:00:00'), Timestamp('2022-03-20 00:00:00'), Timestamp('2022-03-21 00:00:00'), Timestamp('2022-03-22 00:00:00'), Timestamp('2022-03-24 00:00:00'), Timestamp('2022-03-29 00:00:00'), Timestamp('2022-03-30 00:00:00'), Timestamp('2022-04-02 00:00:00'), Timestamp('2022-04-03 00:00:00'), Timestamp('2022-04-04 00:00:00'), Timestamp('2022-04-05 00:00:00'), Timestamp('2022-04-07 00:00:00'), Timestamp('2022-04-10 00:00:00'), Timestamp('2022-04-14 00:00:00'), Timestamp('2022-04-16 00:00:00'), Timestamp('2022-04-18 00:00:00'), Timestamp('2022-04-19 00:00:00'), Timestamp('2022-04-21 00:00:00'), Timestamp('2022-04-30 00:00:00'), Timestamp('2022-05-01 00:00:00'), Timestamp('2022-05-03 00:00:00'), Timestamp('2022-05-04 00:00:00'), Timestamp('2022-05-05 00:00:00'), Timestamp('2022-05-08 00:00:00'), Timestamp('2022-05-09 00:00:00'), Timestamp('2022-05-10 00:00:00'), Timestamp('2022-05-11 00:00:00'), Timestamp('2022-05-16 00:00:00'), Timestamp('2022-05-19 00:00:00'), Timestamp('2022-05-21 00:00:00'), Timestamp('2022-05-23 00:00:00'), Timestamp('2022-05-27 00:00:00'), Timestamp('2022-05-28 00:00:00'), Timestamp('2022-05-30 00:00:00'), Timestamp('2022-06-01 00:00:00'), Timestamp('2022-06-03 00:00:00'), Timestamp('2022-06-04 00:00:00')]",107
MAC TEA MONGLIAN SALT TEA 3IN1 240GM 20SACHETS PKT,331.0,1.0,[Timestamp('2022-05-30 00:00:00')],1
MAC TEA MONGLIAN SALT TEA 3IN1 240GM 20SACHETS PKT,335.0,72.0,"[Timestamp('2021-06-30 00:00:00'), Timestamp('2021-07-01 00:00:00'), Timestamp('2021-07-02 00:00:00'), Timestamp('2021-07-07 00:00:00'), Timestamp('2021-07-08 00:00:00'), Timestamp('2021-07-10 00:00:00'), Timestamp('2021-07-13 00:00:00'), Timestamp('2021-07-14 00:00:00'), Timestamp('2021-07-15 00:00:00'), Timestamp('2021-07-17 00:00:00'), Timestamp('2021-07-18 00:00:00'), Timestamp('2021-07-20 00:00:00'), Timestamp('2021-07-22 00:00:00'), Timestamp('2021-07-23 00:00:00'), Timestamp('2021-07-24 00:00:00'), Timestamp('2021-07-26 00:00:00'), Timestamp('2021-07-27 00:00:00'), Timestamp('2021-07-28 00:00:00'), Timestamp('2021-07-31 00:00:00'), Timestamp('2021-08-01 00:00:00'), Timestamp('2021-08-02 00:00:00'), Timestamp('2021-08-05 00:00:00'), Timestamp('2021-08-06 00:00:00'), Timestamp('2021-08-07 00:00:00'), Timestamp('2021-08-09 00:00:00'), Timestamp('2021-08-14 00:00:00'), Timestamp('2021-08-15 00:00:00'), Timestamp('2021-08-19 00:00:00'), Timestamp('2021-08-20 00:00:00'), Timestamp('2021-08-21 00:00:00'), Timestamp('2021-08-23 00:00:00'), Timestamp('2021-08-24 00:00:00'), Timestamp('2021-08-25 00:00:00'), Timestamp('2021-08-27 00:00:00'), Timestamp('2021-08-28 00:00:00'), Timestamp('2021-08-31 00:00:00'), Timestamp('2021-09-02 00:00:00'), Timestamp('2021-09-05 00:00:00'), Timestamp('2021-09-07 00:00:00'), Timestamp('2021-09-11 00:00:00'), Timestamp('2021-09-12 00:00:00'), Timestamp('2021-09-15 00:00:00'), Timestamp('2021-09-17 00:00:00'), Timestamp('2021-09-18 00:00:00'), Timestamp('2021-09-19 00:00:00'), Timestamp('2021-09-22 00:00:00'), Timestamp('2021-09-24 00:00:00'), Timestamp('2021-09-27 00:00:00'), Timestamp('2021-09-28 00:00:00')]",91
MAC TEA MONGLIAN SALT TEA 3IN1 240GM 20SACHETS PKT,340.0,53.0,"[Timestamp('2022-06-06 00:00:00'), Timestamp('2022-06-07 00:00:00'), Timestamp('2022-06-10 00:00:00'), Timestamp('2022-06-11 00:00:00'), Timestamp('2022-06-15 00:00:00'), Timestamp('2022-06-18 00:00:00'), Timestamp('2022-06-21 00:00:00'), Timestamp('2022-06-23 00:00:00'), Timestamp('2022-06-24 00:00:00'), Timestamp('2022-06-27 00:00:00'), Timestamp('2022-06-28 00:00:00'), Timestamp('2022-06-29 00:00:00'), Timestamp('2022-07-02 00:00:00'), Timestamp('2022-07-04 00:00:00'), Timestamp('2022-07-06 00:00:00'), Timestamp('2022-07-07 00:00:00'), Timestamp('2022-07-09 00:00:00'), Timestamp('2022-07-11 00:00:00'), Timestamp('2022-07-13 00:00:00')]",38
MAC TEA MONGLIAN SALT TEA 3IN1 240GM 20SACHETS PKT,344.0,2.0,[Timestamp('2021-04-01 00:00:00')],1
MAC TEA MONGLIAN SALT TEA 3IN1 240GM 20SACHETS PKT,345.0,77.0,"[Timestamp('2021-03-31 00:00:00'), Timestamp('2021-04-01 00:00:00'), Timestamp('2021-04-02 00:00:00'), Timestamp('2021-04-03 00:00:00'), Timestamp('2021-04-04 00:00:00'), Timestamp('2021-04-08 00:00:00'), Timestamp('2021-04-09 00:00:00'), Timestamp('2021-04-10 00:00:00'), Timestamp('2021-04-11 00:00:00'), Timestamp('2021-04-12 00:00:00'), Timestamp('2021-04-15 00:00:00'), Timestamp('2021-04-17 00:00:00'), Timestamp('2021-04-18 00:00:00'), Timestamp('2021-04-19 00:00:00'), Timestamp('2021-04-20 00:00:00'), Timestamp('2021-04-21 00:00:00'), Timestamp('2021-04-25 00:00:00'), Timestamp('2021-04-26 00:00:00'), Timestamp('2021-04-27 00:00:00'), Timestamp('2021-05-02 00:00:00'), Timestamp('2021-05-04 00:00:00'), Timestamp('2021-05-06 00:00:00'), Timestamp('2021-05-09 00:00:00'), Timestamp('2021-05-13 00:00:00'), Timestamp('2021-05-14 00:00:00'), Timestamp('2021-05-15 00:00:00'), Timestamp('2021-05-16 00:00:00'), Timestamp('2021-05-25 00:00:00'), Timestamp('2021-05-26 00:00:00'), Timestamp('2021-05-27 00:00:00'), Timestamp('2021-06-12 00:00:00'), Timestamp('2021-06-16 00:00:00'), Timestamp('2021-06-18 00:00:00'), Timestamp('2021-06-19 00:00:00'), Timestamp('2021-06-20 00:00:00'), Timestamp('2021-06-21 00:00:00'), Timestamp('2021-06-22 00:00:00'), Timestamp('2021-06-23 00:00:00'), Timestamp('2021-06-24 00:00:00')]",86
MAC TEA MONGLIAN SALT TEA 3IN1 240GM 20SACHETS PKT,370.0,2.0,[Timestamp('2021-03-31 00:00:00')],1
