filtered_df.csv
ProductName,RetailSPrice,TotalQtySold,UniqueDates,DaysUsed
SHIN RAMYUN 120GM 2X SPICY HOT CHICKEN FAMILY PACK,600.0,16.0,"[Timestamp('2021-02-27 00:00:00'), Timestamp('2021-02-28 00:00:00'), Timestamp('2021-03-04 00:00:00'), Timestamp('2021-03-05 00:00:00'), Timestamp('2021-03-08 00:00:00'), Timestamp('2021-03-09 00:00:00'), Timestamp('2021-03-10 00:00:00'), Timestamp('2021-03-12 00:00:00'), Timestamp('2021-03-13 00:00:00'), Timestamp('2021-03-14 00:00:00'), Timestamp('2021-03-25 00:00:00')]",27
SHIN RAMYUN 120GM 2X SPICY HOT CHICKEN FAMILY PACK,650.0,15.0,"[Timestamp('2020-10-17 00:00:00'), Timestamp('2020-10-23 00:00:00'), Timestamp('2020-10-28 00:00:00'), Timestamp('2020-10-29 00:00:00'), Timestamp('2020-11-09 00:00:00'), Timestamp('2020-11-10 00:00:00'), Timestamp('2020-11-16 00:00:00'), Timestamp('2020-12-04 00:00:00'), Timestamp('2020-12-09 00:00:00'), Timestamp('2020-12-13 00:00:00'), Timestamp('2021-01-08 00:00:00')]",84
SHIN RAMYUN 120GM 2X SPICY HOT CHICKEN FAMILY PACK,699.0,9.0,"[Timestamp('2020-08-09 00:00:00'), Timestamp('2020-08-19 00:00:00'), Timestamp('2020-08-28 00:00:00'), Timestamp('2020-09-05 00:00:00'), Timestamp('2020-09-06 00:00:00'), Timestamp('2020-09-11 00:00:00'), Timestamp('2020-09-29 00:00:00'), Timestamp('2020-10-02 00:00:00')]",55
SHIN RAMYUN 120GM 2X SPICY HOT CHICKEN FAMILY PACK,700.0,1.0,[Timestamp('2020-08-16 00:00:00')],1
SHIN RAMYUN 120GM 2X SPICY HOT CHICKEN FAMILY PACK,712.389380530974,1.0,[Timestamp('2022-05-07 00:00:00')],1
SHIN RAMYUN 120GM 2X SPICY HOT CHICKEN FAMILY PACK,770.0,15.0,"[Timestamp('2021-10-23 00:00:00'), Timestamp('2021-10-24 00:00:00'), Timestamp('2021-10-30 00:00:00'), Timestamp('2021-10-31 00:00:00'), Timestamp('2021-11-24 00:00:00'), Timestamp('2021-12-07 00:00:00'), Timestamp('2021-12-14 00:00:00'), Timestamp('2021-12-30 00:00:00'), Timestamp('2022-01-08 00:00:00'), Timestamp('2022-01-15 00:00:00'), Timestamp('2022-01-18 00:00:00'), Timestamp('2022-01-24 00:00:00')]",94
SHIN RAMYUN 120GM 2X SPICY HOT CHICKEN FAMILY PACK,775.0,2.0,"[Timestamp('2020-08-02 00:00:00'), Timestamp('2020-09-13 00:00:00')]",2
SHIN RAMYUN 120GM 2X SPICY HOT CHICKEN FAMILY PACK,800.0,1.0,[Timestamp('2022-02-01 00:00:00')],1
SHIN RAMYUN 120GM 2X SPICY HOT CHICKEN FAMILY PACK,805.0,16.0,"[Timestamp('2022-02-14 00:00:00'), Timestamp('2022-03-01 00:00:00'), Timestamp('2022-03-17 00:00:00'), Timestamp('2022-04-06 00:00:00'), Timestamp('2022-04-08 00:00:00'), Timestamp('2022-04-20 00:00:00'), Timestamp('2022-04-26 00:00:00'), Timestamp('2022-04-28 00:00:00'), Timestamp('2022-05-06 00:00:00'), Timestamp('2022-05-30 00:00:00'), Timestamp('2022-06-20 00:00:00'), Timestamp('2022-06-24 00:00:00'), Timestamp('2022-06-29 00:00:00'), Timestamp('2022-07-16 00:00:00')]",153
SHIN RAMYUN 360GM HOT CHICKEN FLV RAMEN FAMILY PKT,630.0,1.0,[Timestamp('2021-06-27 00:00:00')],1
SHIN RAMYUN 360GM HOT CHICKEN FLV RAMEN FAMILY PKT,650.0,34.0,"[Timestamp('2020-10-14 00:00:00'), Timestamp('2020-10-15 00:00:00'), Timestamp('2020-10-17 00:00:00'), Timestamp('2020-10-23 00:00:00'), Timestamp('2020-10-27 00:00:00'), Timestamp('2020-11-06 00:00:00'), Timestamp('2020-11-12 00:00:00'), Timestamp('2020-11-14 00:00:00'), Timestamp('2020-11-19 00:00:00'), Timestamp('2020-11-21 00:00:00'), Timestamp('2020-11-22 00:00:00'), Timestamp('2020-11-30 00:00:00'), Timestamp('2020-12-01 00:00:00'), Timestamp('2020-12-02 00:00:00'), Timestamp('2020-12-09 00:00:00'), Timestamp('2020-12-14 00:00:00'), Timestamp('2020-12-18 00:00:00'), Timestamp('2020-12-20 00:00:00'), Timestamp('2020-12-30 00:00:00'), Timestamp('2021-01-04 00:00:00'), Timestamp('2021-01-05 00:00:00'), Timestamp('2021-01-07 00:00:00'), Timestamp('2021-01-10 00:00:00'), Timestamp('2021-01-11 00:00:00'), Timestamp('2021-01-19 00:00:00'), Timestamp('2021-01-28 00:00:00'), Timestamp('2021-05-04 00:00:00'), Timestamp('2021-05-05 00:00:00'), Timestamp('2021-05-07 00:00:00')]",111
SHIN RAMYUN 360GM HOT CHICKEN FLV RAMEN FAMILY PKT,665.0,15.0,"[Timestamp('2021-06-12 00:00:00'), Timestamp('2021-06-13 00:00:00'), Timestamp('2021-06-17 00:00:00'), Timestamp('2021-06-22 00:00:00'), Timestamp('2021-06-26 00:00:00'), Timestamp('2021-07-05 00:00:00'), Timestamp('2021-07-07 00:00:00'), Timestamp('2021-07-12 00:00:00'), Timestamp('2021-07-19 00:00:00'), Timestamp('2021-07-31 00:00:00'), Timestamp('2021-09-02 00:00:00'), Timestamp('2021-09-07 00:00:00')]",56
SHIN RAMYUN 360GM HOT CHICKEN FLV RAMEN FAMILY PKT,725.0,2.0,"[Timestamp('2020-08-30 00:00:00'), Timestamp('2021-10-02 00:00:00')]",2
SHIN RAMYUN 360GM HOT CHICKEN FLV RAMEN FAMILY PKT,770.0,17.0,"[Timestamp('2021-10-10 00:00:00'), Timestamp('2021-10-11 00:00:00'), Timestamp('2021-10-12 00:00:00'), Timestamp('2021-10-19 00:00:00'), Timestamp('2021-10-22 00:00:00'), Timestamp('2021-11-05 00:00:00'), Timestamp('2021-11-08 00:00:00'), Timestamp('2021-11-15 00:00:00'), Timestamp('2021-11-17 00:00:00'), Timestamp('2021-11-20 00:00:00'), Timestamp('2021-12-05 00:00:00'), Timestamp('2021-12-06 00:00:00'), Timestamp('2021-12-12 00:00:00'), Timestamp('2021-12-19 00:00:00'), Timestamp('2022-01-08 00:00:00'), Timestamp('2022-01-14 00:00:00')]",97
SHIN RAMYUN 360GM HOT CHICKEN FLV RAMEN FAMILY PKT,775.0,18.0,"[Timestamp('2020-07-17 00:00:00'), Timestamp('2020-07-19 00:00:00'), Timestamp('2020-07-20 00:00:00'), Timestamp('2020-07-25 00:00:00'), Timestamp('2020-07-30 00:00:00'), Timestamp('2020-08-17 00:00:00'), Timestamp('2020-08-19 00:00:00'), Timestamp('2020-08-22 00:00:00'), Timestamp('2020-09-19 00:00:00'), Timestamp('2020-09-22 00:00:00'), Timestamp('2020-09-29 00:00:00'), Timestamp('2020-10-02 00:00:00'), Timestamp('2020-10-03 00:00:00'), Timestamp('2020-10-05 00:00:00'), Timestamp('2020-10-09 00:00:00')]",85
SHIN RAMYUN 360GM HOT CHICKEN FLV RAMEN FAMILY PKT,800.0,3.0,"[Timestamp('2020-08-27 00:00:00'), Timestamp('2022-01-27 00:00:00'), Timestamp('2022-02-08 00:00:00')]",14
SHIN RAMYUN 360GM HOT CHICKEN FLV RAMEN FAMILY PKT,805.0,17.0,"[Timestamp('2022-02-28 00:00:00'), Timestamp('2022-03-02 00:00:00'), Timestamp('2022-03-06 00:00:00'), Timestamp('2022-03-14 00:00:00'), Timestamp('2022-04-06 00:00:00'), Timestamp('2022-04-28 00:00:00'), Timestamp('2022-05-11 00:00:00'), Timestamp('2022-05-18 00:00:00'), Timestamp('2022-05-19 00:00:00'), Timestamp('2022-05-23 00:00:00'), Timestamp('2022-06-11 00:00:00'), Timestamp('2022-06-15 00:00:00'), Timestamp('2022-06-19 00:00:00'), Timestamp('2022-06-23 00:00:00'), Timestamp('2022-07-04 00:00:00'), Timestamp('2022-07-06 00:00:00')]",129
SSM PISTA 400 GM,663.716814159292,4.0,"[Timestamp('2022-02-28 00:00:00'), Timestamp('2022-03-01 00:00:00'), Timestamp('2022-04-01 00:00:00')]",3
SSM PISTA 400 GM,750.0,22.0,"[Timestamp('2021-04-27 00:00:00'), Timestamp('2021-05-04 00:00:00'), Timestamp('2021-05-07 00:00:00'), Timestamp('2021-05-08 00:00:00'), Timestamp('2021-05-12 00:00:00'), Timestamp('2021-05-22 00:00:00'), Timestamp('2021-06-10 00:00:00'), Timestamp('2021-06-16 00:00:00'), Timestamp('2021-06-19 00:00:00'), Timestamp('2021-06-23 00:00:00'), Timestamp('2021-06-27 00:00:00'), Timestamp('2021-08-01 00:00:00'), Timestamp('2022-02-28 00:00:00'), Timestamp('2022-03-01 00:00:00'), Timestamp('2022-03-23 00:00:00'), Timestamp('2022-04-09 00:00:00'), Timestamp('2022-04-10 00:00:00')]",105
SSM PISTA 400 GM,770.0,12.0,"[Timestamp('2021-02-06 00:00:00'), Timestamp('2021-02-09 00:00:00'), Timestamp('2021-02-10 00:00:00'), Timestamp('2021-02-11 00:00:00'), Timestamp('2021-02-14 00:00:00'), Timestamp('2021-02-26 00:00:00'), Timestamp('2021-03-22 00:00:00'), Timestamp('2021-04-13 00:00:00')]",67
SSM PISTA 400 GM,790.0,12.0,"[Timestamp('2021-11-01 00:00:00'), Timestamp('2021-11-03 00:00:00'), Timestamp('2021-11-04 00:00:00'), Timestamp('2021-11-06 00:00:00'), Timestamp('2021-12-06 00:00:00'), Timestamp('2021-12-14 00:00:00'), Timestamp('2022-01-08 00:00:00'), Timestamp('2022-01-18 00:00:00'), Timestamp('2022-01-28 00:00:00')]",60
SSM PISTA 400 GM,805.0,12.0,"[Timestamp('2021-08-17 00:00:00'), Timestamp('2021-08-18 00:00:00'), Timestamp('2021-08-22 00:00:00'), Timestamp('2021-10-11 00:00:00'), Timestamp('2021-10-12 00:00:00'), Timestamp('2021-10-14 00:00:00'), Timestamp('2021-10-19 00:00:00'), Timestamp('2021-10-30 00:00:00')]",26
SSM PISTA 400 GM,810.0,10.0,"[Timestamp('2020-10-18 00:00:00'), Timestamp('2020-11-04 00:00:00'), Timestamp('2020-11-10 00:00:00'), Timestamp('2020-11-11 00:00:00'), Timestamp('2020-12-09 00:00:00'), Timestamp('2020-12-21 00:00:00'), Timestamp('2021-01-10 00:00:00'), Timestamp('2021-01-14 00:00:00'), Timestamp('2021-01-15 00:00:00')]",90
SSM PISTA 400 GM,820.0,2.0,"[Timestamp('2022-06-25 00:00:00'), Timestamp('2022-07-13 00:00:00')]",19
SSM PISTA 400 GM,900.0,7.0,"[Timestamp('2020-08-14 00:00:00'), Timestamp('2020-08-22 00:00:00'), Timestamp('2020-08-26 00:00:00'), Timestamp('2020-08-27 00:00:00'), Timestamp('2020-08-29 00:00:00'), Timestamp('2020-09-01 00:00:00')]",19
