filtered_df.csv
ProductName,RetailSPrice,TotalQtySold,UniqueDates,DaysUsed
SUNFLOW 1 LTR SUN FLOWER OIL PKT,170.0,200.0,"[Timestamp('2020-07-18 00:00:00'), Timestamp('2020-07-19 00:00:00'), Timestamp('2020-07-21 00:00:00'), Timestamp('2020-07-22 00:00:00'), Timestamp('2020-07-23 00:00:00'), Timestamp('2020-07-27 00:00:00'), Timestamp('2020-07-30 00:00:00'), Timestamp('2020-07-31 00:00:00'), Timestamp('2020-08-01 00:00:00'), Timestamp('2020-08-02 00:00:00'), Timestamp('2020-08-05 00:00:00'), Timestamp('2020-08-06 00:00:00'), Timestamp('2020-08-07 00:00:00'), Timestamp('2020-08-09 00:00:00'), Timestamp('2020-08-10 00:00:00'), Timestamp('2020-08-14 00:00:00'), Timestamp('2020-08-18 00:00:00'), Timestamp('2020-08-19 00:00:00'), Timestamp('2020-08-23 00:00:00'), Timestamp('2020-08-25 00:00:00'), Timestamp('2020-08-27 00:00:00'), Timestamp('2020-08-28 00:00:00'), Timestamp('2020-08-29 00:00:00'), Timestamp('2020-08-30 00:00:00'), Timestamp('2020-08-31 00:00:00'), Timestamp('2020-09-02 00:00:00'), Timestamp('2020-09-03 00:00:00'), Timestamp('2020-09-04 00:00:00'), Timestamp('2020-09-05 00:00:00'), Timestamp('2020-09-08 00:00:00'), Timestamp('2020-09-10 00:00:00'), Timestamp('2020-09-15 00:00:00'), Timestamp('2020-09-18 00:00:00'), Timestamp('2020-09-23 00:00:00'), Timestamp('2020-09-29 00:00:00'), Timestamp('2020-10-01 00:00:00'), Timestamp('2020-10-03 00:00:00'), Timestamp('2020-10-04 00:00:00'), Timestamp('2020-10-05 00:00:00'), Timestamp('2020-10-07 00:00:00'), Timestamp('2020-10-09 00:00:00'), Timestamp('2020-10-11 00:00:00'), Timestamp('2020-10-13 00:00:00'), Timestamp('2020-10-15 00:00:00'), Timestamp('2020-10-17 00:00:00'), Timestamp('2020-10-21 00:00:00'), Timestamp('2020-10-22 00:00:00'), Timestamp('2020-10-23 00:00:00'), Timestamp('2020-10-24 00:00:00'), Timestamp('2020-10-29 00:00:00'), Timestamp('2020-10-31 00:00:00'), Timestamp('2020-11-02 00:00:00'), Timestamp('2020-11-04 00:00:00'), Timestamp('2020-11-05 00:00:00'), Timestamp('2020-11-06 00:00:00'), Timestamp('2020-11-08 00:00:00'), Timestamp('2020-11-14 00:00:00'), Timestamp('2020-11-15 00:00:00'), Timestamp('2020-11-26 00:00:00'), Timestamp('2020-11-27 00:00:00'), Timestamp('2020-11-28 00:00:00'), Timestamp('2020-11-30 00:00:00'), Timestamp('2020-12-01 00:00:00'), Timestamp('2020-12-02 00:00:00')]",138
SUNFLOW 1 LTR SUN FLOWER OIL PKT,190.0,78.0,"[Timestamp('2020-12-04 00:00:00'), Timestamp('2020-12-06 00:00:00'), Timestamp('2020-12-08 00:00:00'), Timestamp('2020-12-13 00:00:00'), Timestamp('2020-12-14 00:00:00'), Timestamp('2020-12-17 00:00:00'), Timestamp('2020-12-18 00:00:00'), Timestamp('2020-12-23 00:00:00'), Timestamp('2020-12-24 00:00:00'), Timestamp('2020-12-28 00:00:00'), Timestamp('2020-12-29 00:00:00'), Timestamp('2020-12-30 00:00:00'), Timestamp('2021-01-01 00:00:00'), Timestamp('2021-01-02 00:00:00'), Timestamp('2021-01-03 00:00:00'), Timestamp('2021-01-05 00:00:00'), Timestamp('2021-01-07 00:00:00'), Timestamp('2021-01-12 00:00:00'), Timestamp('2021-01-13 00:00:00'), Timestamp('2021-01-14 00:00:00'), Timestamp('2021-01-16 00:00:00'), Timestamp('2021-01-17 00:00:00'), Timestamp('2021-01-18 00:00:00')]",46
SUNFLOW 1 LTR SUN FLOWER OIL PKT,220.0,30.0,"[Timestamp('2021-02-22 00:00:00'), Timestamp('2021-02-23 00:00:00'), Timestamp('2021-03-02 00:00:00'), Timestamp('2021-03-04 00:00:00'), Timestamp('2021-03-05 00:00:00'), Timestamp('2021-03-07 00:00:00'), Timestamp('2021-03-08 00:00:00'), Timestamp('2021-03-11 00:00:00'), Timestamp('2021-03-12 00:00:00'), Timestamp('2021-03-13 00:00:00'), Timestamp('2021-03-15 00:00:00'), Timestamp('2021-03-17 00:00:00'), Timestamp('2021-03-21 00:00:00'), Timestamp('2021-03-22 00:00:00')]",29
SUNFLOW 1 LTR SUN FLOWER OIL PKT,225.0,61.0,"[Timestamp('2021-03-24 00:00:00'), Timestamp('2021-03-26 00:00:00'), Timestamp('2021-03-27 00:00:00'), Timestamp('2021-03-28 00:00:00'), Timestamp('2021-04-01 00:00:00'), Timestamp('2021-04-02 00:00:00'), Timestamp('2021-04-03 00:00:00'), Timestamp('2021-04-04 00:00:00'), Timestamp('2021-04-05 00:00:00'), Timestamp('2021-04-17 00:00:00'), Timestamp('2021-04-18 00:00:00'), Timestamp('2021-04-19 00:00:00'), Timestamp('2021-04-20 00:00:00'), Timestamp('2021-04-21 00:00:00'), Timestamp('2021-04-23 00:00:00'), Timestamp('2021-04-24 00:00:00'), Timestamp('2021-04-25 00:00:00'), Timestamp('2021-04-28 00:00:00'), Timestamp('2021-05-03 00:00:00'), Timestamp('2021-05-06 00:00:00'), Timestamp('2021-05-07 00:00:00'), Timestamp('2021-05-08 00:00:00'), Timestamp('2021-05-09 00:00:00')]",47
SUNFLOW 1 LTR SUN FLOWER OIL PKT,234.513274336283,4.0,[Timestamp('2022-01-15 00:00:00')],1
SUNFLOW 1 LTR SUN FLOWER OIL PKT,257.0,10.0,[Timestamp('2021-06-05 00:00:00')],1
SUNFLOW 1 LTR SUN FLOWER OIL PKT,260.0,154.5,"[Timestamp('2021-05-16 00:00:00'), Timestamp('2021-05-20 00:00:00'), Timestamp('2021-05-26 00:00:00'), Timestamp('2021-05-27 00:00:00'), Timestamp('2021-06-04 00:00:00'), Timestamp('2021-06-06 00:00:00'), Timestamp('2021-06-07 00:00:00'), Timestamp('2021-06-08 00:00:00'), Timestamp('2021-06-09 00:00:00'), Timestamp('2021-06-11 00:00:00'), Timestamp('2021-06-12 00:00:00'), Timestamp('2021-06-15 00:00:00'), Timestamp('2021-06-17 00:00:00'), Timestamp('2021-06-18 00:00:00'), Timestamp('2021-06-19 00:00:00'), Timestamp('2021-06-21 00:00:00'), Timestamp('2021-06-26 00:00:00'), Timestamp('2021-06-27 00:00:00'), Timestamp('2021-07-02 00:00:00'), Timestamp('2021-07-07 00:00:00'), Timestamp('2021-07-08 00:00:00'), Timestamp('2021-07-10 00:00:00'), Timestamp('2021-07-14 00:00:00'), Timestamp('2021-07-22 00:00:00'), Timestamp('2021-07-23 00:00:00'), Timestamp('2021-07-24 00:00:00'), Timestamp('2021-07-26 00:00:00'), Timestamp('2021-07-28 00:00:00'), Timestamp('2021-07-29 00:00:00'), Timestamp('2021-08-01 00:00:00'), Timestamp('2021-08-06 00:00:00'), Timestamp('2021-08-08 00:00:00'), Timestamp('2021-08-09 00:00:00'), Timestamp('2021-08-11 00:00:00'), Timestamp('2021-08-13 00:00:00'), Timestamp('2021-08-17 00:00:00'), Timestamp('2021-08-18 00:00:00'), Timestamp('2021-08-19 00:00:00'), Timestamp('2021-08-21 00:00:00'), Timestamp('2021-08-22 00:00:00'), Timestamp('2021-08-26 00:00:00'), Timestamp('2021-08-28 00:00:00'), Timestamp('2021-08-30 00:00:00'), Timestamp('2021-09-01 00:00:00'), Timestamp('2021-09-04 00:00:00'), Timestamp('2021-09-05 00:00:00'), Timestamp('2021-09-06 00:00:00'), Timestamp('2021-09-08 00:00:00'), Timestamp('2021-09-09 00:00:00'), Timestamp('2021-09-14 00:00:00'), Timestamp('2021-09-19 00:00:00'), Timestamp('2021-09-20 00:00:00'), Timestamp('2021-09-22 00:00:00'), Timestamp('2021-09-23 00:00:00'), Timestamp('2021-09-25 00:00:00'), Timestamp('2021-09-30 00:00:00'), Timestamp('2021-10-02 00:00:00'), Timestamp('2021-10-03 00:00:00'), Timestamp('2021-10-04 00:00:00'), Timestamp('2021-10-06 00:00:00'), Timestamp('2021-10-09 00:00:00'), Timestamp('2021-10-11 00:00:00'), Timestamp('2021-10-12 00:00:00')]",150
SUNFLOW 1 LTR SUN FLOWER OIL PKT,265.0,153.0,"[Timestamp('2021-10-28 00:00:00'), Timestamp('2021-10-30 00:00:00'), Timestamp('2021-10-31 00:00:00'), Timestamp('2021-11-01 00:00:00'), Timestamp('2021-11-03 00:00:00'), Timestamp('2021-11-04 00:00:00'), Timestamp('2021-11-05 00:00:00'), Timestamp('2021-11-06 00:00:00'), Timestamp('2021-11-10 00:00:00'), Timestamp('2021-11-11 00:00:00'), Timestamp('2021-11-14 00:00:00'), Timestamp('2021-11-18 00:00:00'), Timestamp('2021-11-20 00:00:00'), Timestamp('2021-11-21 00:00:00'), Timestamp('2021-11-26 00:00:00'), Timestamp('2021-11-27 00:00:00'), Timestamp('2021-12-01 00:00:00'), Timestamp('2021-12-02 00:00:00'), Timestamp('2021-12-04 00:00:00'), Timestamp('2021-12-05 00:00:00'), Timestamp('2021-12-07 00:00:00'), Timestamp('2021-12-08 00:00:00'), Timestamp('2021-12-09 00:00:00'), Timestamp('2021-12-10 00:00:00'), Timestamp('2021-12-11 00:00:00'), Timestamp('2021-12-14 00:00:00'), Timestamp('2021-12-16 00:00:00'), Timestamp('2021-12-17 00:00:00'), Timestamp('2021-12-21 00:00:00'), Timestamp('2021-12-22 00:00:00'), Timestamp('2021-12-23 00:00:00'), Timestamp('2021-12-24 00:00:00'), Timestamp('2021-12-26 00:00:00'), Timestamp('2021-12-28 00:00:00'), Timestamp('2021-12-30 00:00:00'), Timestamp('2022-01-03 00:00:00'), Timestamp('2022-01-05 00:00:00'), Timestamp('2022-01-11 00:00:00'), Timestamp('2022-01-12 00:00:00'), Timestamp('2022-01-20 00:00:00'), Timestamp('2022-01-21 00:00:00'), Timestamp('2022-01-22 00:00:00'), Timestamp('2022-01-30 00:00:00'), Timestamp('2022-02-02 00:00:00'), Timestamp('2022-02-05 00:00:00'), Timestamp('2022-02-07 00:00:00'), Timestamp('2022-02-11 00:00:00'), Timestamp('2022-02-12 00:00:00'), Timestamp('2022-02-13 00:00:00'), Timestamp('2022-02-19 00:00:00'), Timestamp('2022-02-23 00:00:00'), Timestamp('2022-02-24 00:00:00'), Timestamp('2022-02-26 00:00:00'), Timestamp('2022-02-27 00:00:00'), Timestamp('2022-02-28 00:00:00'), Timestamp('2022-03-01 00:00:00'), Timestamp('2022-03-04 00:00:00'), Timestamp('2022-03-08 00:00:00'), Timestamp('2022-03-10 00:00:00'), Timestamp('2022-03-12 00:00:00'), Timestamp('2022-03-14 00:00:00'), Timestamp('2022-03-18 00:00:00'), Timestamp('2022-03-19 00:00:00'), Timestamp('2022-03-20 00:00:00'), Timestamp('2022-03-21 00:00:00'), Timestamp('2022-03-24 00:00:00')]",148
SUNFLOW 1 LTR SUN FLOWER OIL PKT,275.0,24.0,"[Timestamp('2021-12-14 00:00:00'), Timestamp('2022-04-02 00:00:00')]",2
SUNFLOW 1 LTR SUN FLOWER OIL PKT,290.0,8.0,"[Timestamp('2021-10-11 00:00:00'), Timestamp('2021-10-16 00:00:00'), Timestamp('2021-10-19 00:00:00'), Timestamp('2021-10-20 00:00:00'), Timestamp('2021-11-03 00:00:00')]",24
SUNFLOW 1 LTR SUN FLOWER OIL PKT,292.035398230089,10.0,[Timestamp('2022-07-09 00:00:00')],1
SUNFLOW 1 LTR SUN FLOWER OIL PKT,330.0,26.0,"[Timestamp('2022-06-16 00:00:00'), Timestamp('2022-06-17 00:00:00'), Timestamp('2022-06-18 00:00:00'), Timestamp('2022-06-21 00:00:00'), Timestamp('2022-07-01 00:00:00'), Timestamp('2022-07-02 00:00:00'), Timestamp('2022-07-07 00:00:00')]",22
VICTORIA YEAST 500GM,288.0,54.0,"[Timestamp('2020-09-23 00:00:00'), Timestamp('2020-09-28 00:00:00'), Timestamp('2020-10-01 00:00:00'), Timestamp('2020-10-07 00:00:00'), Timestamp('2020-10-09 00:00:00'), Timestamp('2020-10-15 00:00:00'), Timestamp('2020-10-19 00:00:00'), Timestamp('2020-10-31 00:00:00'), Timestamp('2020-11-01 00:00:00'), Timestamp('2020-11-04 00:00:00'), Timestamp('2020-11-10 00:00:00'), Timestamp('2020-11-23 00:00:00'), Timestamp('2020-11-25 00:00:00'), Timestamp('2020-12-04 00:00:00'), Timestamp('2020-12-07 00:00:00'), Timestamp('2020-12-13 00:00:00'), Timestamp('2020-12-16 00:00:00'), Timestamp('2020-12-18 00:00:00'), Timestamp('2020-12-22 00:00:00'), Timestamp('2020-12-25 00:00:00'), Timestamp('2020-12-27 00:00:00'), Timestamp('2020-12-28 00:00:00'), Timestamp('2021-01-07 00:00:00'), Timestamp('2021-01-10 00:00:00'), Timestamp('2021-01-11 00:00:00'), Timestamp('2021-01-27 00:00:00'), Timestamp('2021-01-29 00:00:00'), Timestamp('2021-01-31 00:00:00')]",131
VICTORIA YEAST 500GM,290.0,12.0,"[Timestamp('2021-04-17 00:00:00'), Timestamp('2021-05-02 00:00:00'), Timestamp('2021-05-21 00:00:00'), Timestamp('2021-05-26 00:00:00'), Timestamp('2021-06-15 00:00:00'), Timestamp('2021-06-29 00:00:00'), Timestamp('2021-06-30 00:00:00'), Timestamp('2021-07-08 00:00:00'), Timestamp('2021-07-21 00:00:00'), Timestamp('2021-07-23 00:00:00'), Timestamp('2021-08-13 00:00:00')]",119
VICTORIA YEAST 500GM,291.0,14.0,"[Timestamp('2021-02-14 00:00:00'), Timestamp('2021-02-19 00:00:00'), Timestamp('2021-02-26 00:00:00'), Timestamp('2021-02-27 00:00:00'), Timestamp('2021-02-28 00:00:00'), Timestamp('2021-03-06 00:00:00'), Timestamp('2021-03-19 00:00:00'), Timestamp('2021-03-24 00:00:00'), Timestamp('2021-04-01 00:00:00'), Timestamp('2021-04-03 00:00:00')]",49
VICTORIA YEAST 500GM,295.0,7.0,"[Timestamp('2021-08-26 00:00:00'), Timestamp('2021-08-27 00:00:00'), Timestamp('2021-09-03 00:00:00'), Timestamp('2021-09-14 00:00:00'), Timestamp('2021-09-18 00:00:00'), Timestamp('2021-09-22 00:00:00'), Timestamp('2021-10-02 00:00:00')]",38
VICTORIA YEAST 500GM,300.0,12.0,"[Timestamp('2020-07-29 00:00:00'), Timestamp('2020-08-05 00:00:00'), Timestamp('2020-09-08 00:00:00')]",9
VICTORIA YEAST 500GM,308.0,9.0,"[Timestamp('2021-10-24 00:00:00'), Timestamp('2021-10-30 00:00:00'), Timestamp('2021-11-02 00:00:00'), Timestamp('2021-11-04 00:00:00'), Timestamp('2021-11-19 00:00:00'), Timestamp('2021-11-22 00:00:00'), Timestamp('2021-11-24 00:00:00'), Timestamp('2021-12-08 00:00:00'), Timestamp('2021-12-17 00:00:00')]",55
VICTORIA YEAST 500GM,330.0,11.0,"[Timestamp('2022-03-02 00:00:00'), Timestamp('2022-03-15 00:00:00'), Timestamp('2022-03-18 00:00:00'), Timestamp('2022-03-24 00:00:00'), Timestamp('2022-03-27 00:00:00'), Timestamp('2022-04-05 00:00:00'), Timestamp('2022-04-14 00:00:00'), Timestamp('2022-04-15 00:00:00'), Timestamp('2022-04-21 00:00:00')]",51
VICTORIA YEAST 500GM,336.0,2.0,[Timestamp('2022-02-04 00:00:00')],1
VICTORIA YEAST 500GM,340.0,5.0,"[Timestamp('2022-06-20 00:00:00'), Timestamp('2022-06-25 00:00:00'), Timestamp('2022-06-27 00:00:00'), Timestamp('2022-07-16 00:00:00')]",27
